env: load .env
env: export EXPO_PUBLIC_SUPABASE_ANON_KEY EXPO_PUBLIC_SUPABASE_URL
Using src/app as the root directory for Expo Router.
React Compiler enabled
Starting Metro Bundler

| (node:1916) Warning: The 'NO_COLOR' env is ignored due to the 'FORCE_COLOR' env being set.
| (Use `node --trace-warnings ...` to show where the warning was created)
Android Bundled 29204ms node_modules\expo-router\entry.js (2013 modules)

› Assets (83):
assets\fonts\Inter\static\Inter_18pt-Bold.ttf (344KB)
assets\fonts\Inter\static\Inter_18pt-Medium.ttf (343KB)
assets\fonts\Inter\static\Inter_18pt-Regular.ttf (343KB)
assets\fonts\Inter\static\Inter_18pt-SemiBold.ttf (344KB)
assets\fonts\Italianno\Italianno-Regular.ttf (205KB)
assets\fonts\jomhuria\Jomhuria-Regular.ttf (172KB)
assets\fonts\jomolhari-3\Jomolhari-Regular.ttf (2.3MB)
assets\fonts\Josefin_Slab\static\JosefinSlab-Bold.ttf (29KB)
assets\fonts\Josefin_Slab\static\JosefinSlab-Regular.ttf (29KB)
assets\icons\home-camera-white.png (1.4KB)
assets\images\about\about-events.png (97KB)
assets\images\about\about-family.png (67KB)
assets\images\about\about-graduation.png (52KB)
assets\images\about\about-hero.png (142KB)
assets\images\about\about-logo.png (1.1MB)
assets\images\about\about-portraits.png (73KB)
assets\images\about\about-story-main.png (339KB)
assets\images\about\about-story-secondary.png (130KB)
assets\images\about\about-studio-visit.png (67KB)
assets\images\about\about-thank-you.png (1.8MB)
assets\images\about\about-videography.png (57KB)
assets\images\about\about-weddings.png (85KB)
assets\images\admin-appointment-1.png (70KB)
assets\images\admin-appointment-2.png (76KB)
assets\images\admin-appointment-3.png (83KB)
assets\images\admin-booking-detail-avatar.png (98KB)
assets\images\admin-booking-detail-background.png (57KB)
assets\images\admin-calendar-background.png (35KB)
assets\images\admin-calendar-banner.png (1.4MB)
assets\images\admin-request-thumb-2.png (67KB)
assets\images\admin-request-thumb-3.png (46KB)
assets\images\admin-request-thumb-4.png (59KB)
assets\images\booking-empty-collage.png (2MB)
assets\images\expo-badge-white.png (4.1KB)
assets\images\expo-badge.png (4.1KB)
assets\images\figma-admin-profile\admin-profile-logo.png (122KB)
assets\images\Home.png (353KB)
assets\images\photosync-logo.png (67KB)
assets\images\react-logo.png (3 variations | 14KB)
assets\images\splash-background.png (384KB)
assets\images\tutorial-web.png (59KB)
assets\services\event-photography.png (30KB)
assets\services\family-photography.png (29KB)
assets\services\graduation-photgraphy.png (30KB)
assets\services\portrait-photography.png (24KB)
assets\services\portrait\basic-portrait-package.png (20KB)
assets\services\portrait\couple-portrait-package.png (18KB)
assets\services\portrait\group-portrait-package.png (24KB)
assets\services\portrait\permium-portrait-package.png (24KB)
assets\services\portrait\portrait-detail-hero.png (196KB)
assets\services\portrait\standard-portrait-package.png (21KB)
assets\services\services-hero.png (89KB)
assets\services\videography.png (30KB)
assets\services\wedding-photography.png (26KB)
node_modules\@expo-google-fonts\material-symbols\400Regular\MaterialSymbols_400Regular.ttf (967KB)
node_modules\expo-router\assets\arrow_down.png (9.5KB)
node_modules\expo-router\assets\arrow_right.xml (307B)
node_modules\expo-router\assets\checkmark.xml (312B)
node_modules\expo-router\assets\error.png (469B)
node_modules\expo-router\assets\file.png (138B)
node_modules\expo-router\assets\forward.png (188B)
node_modules\expo-router\assets\pkg.png (364B)
node_modules\expo-router\assets\react-navigation\elements\back-icon-mask.png (653B)
node_modules\expo-router\assets\react-navigation\elements\back-icon.png (4 variations | 152B)
node_modules\expo-router\assets\react-navigation\elements\clear-icon.png (4 variations | 425B)
node_modules\expo-router\assets\react-navigation\elements\close-icon.png (4 variations | 235B)
node_modules\expo-router\assets\react-navigation\elements\search-icon.png (4 variations | 599B)
node_modules\expo-router\assets\sitemap.png (465B)
node_modules\expo-router\assets\unmatched.png (4.8KB)

› android bundles (1):
_expo/static/js/android/entry-3838973d2e3de7a19e2bccec9e58f0ea.hbc (5.4MB)

› Files (1):
metadata.json (5.5KB)

Exported: tmp/auth-design-android
